TAP version 13
# Subtest: grid.html - E2E tests
    # Subtest: renders blueprint-style link proportions for each grid cell
    ok 1 - renders blueprint-style link proportions for each grid cell
      ---
      duration_ms: 474.325313
      ...
    # Subtest: keeps control point colors fixed (green/red/black) while only the link is colored
    ok 2 - keeps control point colors fixed (green/red/black) while only the link is colored
      ---
      duration_ms: 531.734064
      ...
    # Subtest: reset restores the default self-referencing layout
    ok 3 - reset restores the default self-referencing layout
      ---
      duration_ms: 646.803254
      ...
    1..3
ok 1 - grid.html - E2E tests
  ---
  duration_ms: 2187.142439
  type: 'suite'
  ...
1..1
# tests 3
# suites 1
# pass 3
# fail 0
# cancelled 0
# skipped 0
# todo 0
# duration_ms 2279.471475
