TAP version 13
# Subtest: grid.html - E2E tests
    # Subtest: renders blueprint-style link proportions for each grid cell
    not ok 1 - renders blueprint-style link proportions for each grid cell
      ---
      duration_ms: 1035.087982
      location: '/tmp/gh-issue-solver-1782416651231/tests/grid.e2e.test.mjs:59:5'
      failureType: 'testCodeFailure'
      error: 'Control point radius should use the same local grid spacing as the link: expected 4.560000000000001, got 25.840000000000007'
      code: 'ERR_ASSERTION'
      name: 'AssertionError'
      expected: true
      actual: false
      operator: '=='
      stack: |-
        closeTo (file:///tmp/gh-issue-solver-1782416651231/tests/grid.e2e.test.mjs:19:10)
        TestContext.<anonymous> (file:///tmp/gh-issue-solver-1782416651231/tests/grid.e2e.test.mjs:84:7)
        async Test.run (node:internal/test_runner/test:797:9)
        async Promise.all (index 0)
        async Suite.run (node:internal/test_runner/test:1135:7)
        async Test.processPendingSubtests (node:internal/test_runner/test:526:7)
      ...
    # Subtest: reset restores the default self-referencing layout
    not ok 2 - reset restores the default self-referencing layout
      ---
      duration_ms: 1334.120948
      location: '/tmp/gh-issue-solver-1782416651231/tests/grid.e2e.test.mjs:98:5'
      failureType: 'testCodeFailure'
      error: 'cp-end-0 x after reset: expected 448, got 524'
      code: 'ERR_ASSERTION'
      name: 'AssertionError'
      expected: true
      actual: false
      operator: '=='
      stack: |-
        closeTo (file:///tmp/gh-issue-solver-1782416651231/tests/grid.e2e.test.mjs:19:10)
        TestContext.<anonymous> (file:///tmp/gh-issue-solver-1782416651231/tests/grid.e2e.test.mjs:138:9)
        async Test.run (node:internal/test_runner/test:797:9)
        async Suite.processPendingSubtests (node:internal/test_runner/test:526:7)
      ...
    1..2
not ok 1 - grid.html - E2E tests
  ---
  duration_ms: 3475.115796
  type: 'suite'
  location: '/tmp/gh-issue-solver-1782416651231/tests/grid.e2e.test.mjs:25:1'
  failureType: 'subtestsFailed'
  error: '2 subtests failed'
  code: 'ERR_TEST_FAILURE'
  ...
1..1
# tests 2
# suites 1
# pass 0
# fail 2
# cancelled 0
# skipped 0
# todo 0
# duration_ms 3552.147382
